// Vitest Snapshot v1, https://vitest.dev/guide/snapshot.html

exports[`UButton > matches snapshot 1`] = `"<button class="u-btn u-btn--sm u-btn--secondary">Snapshot</button>"`;
