// Vitest Snapshot v1, https://vitest.dev/guide/snapshot.html

exports[`UCard > matches snapshot 1`] = `
"<div class="ui-card">
  <header class="ui-card__header">Header</header>
  <div class="ui-card__content">Content</div>
  <footer class="ui-card__footer">Footer</footer>
</div>"
`;
